[templates.envytheme.com/roose/default/index-3.html]
[templates.envytheme.com/roose/default/assets/css/bootstrap.min.css]
[templates.envytheme.com/roose/default/assets/css/owl.theme.default.min.css]
[templates.envytheme.com/roose/default/assets/css/owl.carousel.min.css]
[templates.envytheme.com/roose/default/assets/css/remixicon.css]
[templates.envytheme.com/roose/default/assets/css/flaticon.css]
[templates.envytheme.com/roose/default/assets/css/meanmenu.min.css]
[templates.envytheme.com/roose/default/assets/css/animate.min.css]
[templates.envytheme.com/roose/default/assets/css/odometer.min.css]
[templates.envytheme.com/roose/default/assets/css/date-picker.min.css]
[templates.envytheme.com/roose/default/assets/css/before-after.min.css]
[templates.envytheme.com/roose/default/assets/css/style.css]
[templates.envytheme.com/roose/default/assets/css/responsive.css]
[templates.envytheme.com/roose/default/assets/images/favicon.png]
[backblue.gif]
[fade.gif]
[index.html]
[templates.envytheme.com/roose/default/my-account.html]
[templates.envytheme.com/roose/default/cart.html]
[templates.envytheme.com/roose/default/index.html]
[templates.envytheme.com/roose/default/assets/images/logo.png]
[templates.envytheme.com/roose/default/assets/images/white-logo.png]
[templates.envytheme.com/roose/default/index-2.html]
[templates.envytheme.com/roose/default/about.html]
[templates.envytheme.com/roose/default/projects.html]
[templates.envytheme.com/roose/default/projects-details.html]
[templates.envytheme.com/roose/default/team.html]
[templates.envytheme.com/roose/default/testimonial.html]
[templates.envytheme.com/roose/default/faq.html]
[templates.envytheme.com/roose/default/log-in.html]
[templates.envytheme.com/roose/default/register.html]
[templates.envytheme.com/roose/default/get-free-quote.html]
[templates.envytheme.com/roose/default/partner-details.html]
[templates.envytheme.com/roose/default/privacy-policy.html]
[templates.envytheme.com/roose/default/terms-conditions.html]
[templates.envytheme.com/roose/default/coming-soon.html]
[templates.envytheme.com/roose/default/404.html]
[templates.envytheme.com/roose/default/services.html]
[templates.envytheme.com/roose/default/services-details.html]
[templates.envytheme.com/roose/default/products.html]
[templates.envytheme.com/roose/default/checkout.html]
[templates.envytheme.com/roose/default/product-details.html]
[templates.envytheme.com/roose/default/blog.html]
[templates.envytheme.com/roose/default/blog-grid.html]
[templates.envytheme.com/roose/default/blog-left-sidebar.html]
[templates.envytheme.com/roose/default/blog-details.html]
[templates.envytheme.com/roose/default/contact.html]
[templates.envytheme.com/roose/default/assets/images/gallery/gallery-1.jpg]
[templates.envytheme.com/roose/default/assets/images/gallery/gallery-2.jpg]
[templates.envytheme.com/roose/default/assets/images/gallery/gallery-3.jpg]
[templates.envytheme.com/roose/default/assets/images/gallery/gallery-4.jpg]
[templates.envytheme.com/roose/default/assets/images/gallery/gallery-5.jpg]
[templates.envytheme.com/roose/default/assets/images/gallery/gallery-6.jpg]
[templates.envytheme.com/roose/default/assets/images/gallery/gallery-7.jpg]
[templates.envytheme.com/roose/default/assets/images/gallery/gallery-8.jpg]
[templates.envytheme.com/roose/default/assets/images/gallery/gallery-9.jpg]
[templates.envytheme.com/roose/default/assets/images/banner/banner-video.mp4]
[templates.envytheme.com/roose/default/assets/images/about-img-4.jpg]
[templates.envytheme.com/roose/default/assets/images/services/services-1.jpg]
[templates.envytheme.com/roose/default/assets/images/services/services-2.jpg]
[templates.envytheme.com/roose/default/assets/images/services/services-3.jpg]
[templates.envytheme.com/roose/default/assets/images/services/services-4.jpg]
[templates.envytheme.com/roose/default/assets/images/services/services-5.jpg]
[templates.envytheme.com/roose/default/assets/images/services/services-6.jpg]
[templates.envytheme.com/roose/default/assets/images/team/team-1.jpg]
[templates.envytheme.com/roose/default/assets/images/team/team-2.jpg]
[templates.envytheme.com/roose/default/assets/images/team/team-3.jpg]
[templates.envytheme.com/roose/default/assets/images/team/team-4.jpg]
[templates.envytheme.com/roose/default/assets/images/partner/partner-1.png]
[templates.envytheme.com/roose/default/assets/images/partner/partner-2.png]
[templates.envytheme.com/roose/default/assets/images/partner/partner-3.png]
[templates.envytheme.com/roose/default/assets/images/partner/partner-4.png]
[templates.envytheme.com/roose/default/assets/images/partner/partner-5.png]
[templates.envytheme.com/roose/default/assets/images/testimonials/testimonials-1.jpg]
[templates.envytheme.com/roose/default/assets/images/testimonials/testimonials-2.jpg]
[templates.envytheme.com/roose/default/assets/images/testimonials/testimonials-3.jpg]
[templates.envytheme.com/roose/default/assets/images/testimonials/testimonials-4.jpg]
[templates.envytheme.com/roose/default/assets/images/before-after/before-img.jpg]
[templates.envytheme.com/roose/default/assets/images/before-after/after-img.jpg]
[templates.envytheme.com/roose/default/assets/images/blog/blog-1.jpg]
[templates.envytheme.com/roose/default/author.html]
[templates.envytheme.com/roose/default/assets/images/blog/blog-2.jpg]
[templates.envytheme.com/roose/default/assets/images/blog/blog-3.jpg]
[templates.envytheme.com/roose/default/assets/images/subscribe-shape-1.png]
[templates.envytheme.com/roose/default/assets/images/subscribe-shape-2.png]
[templates.envytheme.com/cdn-cgi/scripts/5c5dd728/cloudflare-static/email-decode.min.js]
[templates.envytheme.com/roose/default/assets/js/jquery.min.js]
[templates.envytheme.com/roose/default/assets/js/bootstrap.bundle.min.js]
[templates.envytheme.com/roose/default/assets/js/meanmenu.min.js]
[templates.envytheme.com/roose/default/assets/js/owl.carousel.min.js]
[templates.envytheme.com/roose/default/assets/js/carousel-thumbs.min.js]
[templates.envytheme.com/roose/default/assets/js/wow.min.js]
[templates.envytheme.com/roose/default/assets/js/appear.min.js]
[templates.envytheme.com/roose/default/assets/js/odometer.min.js]
[templates.envytheme.com/roose/default/assets/js/jarallax.min.js]
[templates.envytheme.com/roose/default/assets/js/bootstrap-datepicker.min.js]
[templates.envytheme.com/roose/default/assets/js/mixitup.min.js]
[templates.envytheme.com/roose/default/assets/js/before-after.min.js]
[templates.envytheme.com/roose/default/assets/js/form-validator.min.js]
[templates.envytheme.com/roose/default/assets/js/contact-form-script.js]
[templates.envytheme.com/roose/default/assets/js/ajaxchimp.min.js]
[templates.envytheme.com/roose/default/index-3.html]
[templates.envytheme.com/roose/default/assets/css/bootstrap.min.css]
[templates.envytheme.com/roose/default/assets/css/owl.theme.default.min.css]
[templates.envytheme.com/roose/default/assets/js/custom.js]
[templates.envytheme.com/roose/default/assets/css/owl.video.play.png]
[templates.envytheme.com/roose/default/assets/css/owl.carousel.min.css]
[templates.envytheme.com/roose/default/assets/fonts/remixicondf6d.eot]
[templates.envytheme.com/roose/default/assets/fonts/remixicondf6d.woff2]
[templates.envytheme.com/roose/default/assets/fonts/remixicondf6d.woff]
[templates.envytheme.com/roose/default/assets/fonts/remixicondf6d.ttf]
[templates.envytheme.com/roose/default/assets/fonts/remixicondf6d.svg]
[templates.envytheme.com/roose/default/assets/css/remixicon.css]
[templates.envytheme.com/roose/default/assets/fonts/Flaticon.eot]
[templates.envytheme.com/roose/default/assets/fonts/Flaticond41d.eot]
[templates.envytheme.com/roose/default/assets/fonts/Flaticon.woff2]
[templates.envytheme.com/roose/default/assets/fonts/Flaticon.woff]
[templates.envytheme.com/roose/default/assets/fonts/Flaticon.ttf]
[templates.envytheme.com/roose/default/assets/css/flaticon.css]
[templates.envytheme.com/roose/default/assets/css/meanmenu.min.css]
[templates.envytheme.com/roose/default/assets/css/animate.min.css]
[templates.envytheme.com/roose/default/assets/css/odometer.min.css]
[templates.envytheme.com/roose/default/assets/css/date-picker.min.css]
[templates.envytheme.com/roose/default/assets/css/before-after.min.css]
[templates.envytheme.com/roose/default/assets/fonts/Flaticon.svg]
[templates.envytheme.com/roose/default/assets/images/logo-bg.jpg]
[templates.envytheme.com/roose/default/assets/images/banner/banner-bg.jpg]
[templates.envytheme.com/roose/default/assets/images/slider-bg/slider-bg-1.jpg]
[templates.envytheme.com/roose/default/assets/images/slider-bg/slider-bg-2.jpg]
[templates.envytheme.com/roose/default/assets/images/slider-bg/slider-bg-3.jpg]
[templates.envytheme.com/roose/default/assets/images/counter-bg.jpg]
[templates.envytheme.com/roose/default/assets/images/choose-us-from-bg.jpg]
[templates.envytheme.com/roose/default/assets/images/page-title-bg/page-title-bg-1.jpg]
[templates.envytheme.com/roose/default/assets/css/style.css]
[templates.envytheme.com/roose/default/assets/css/responsive.css]
[templates.envytheme.com/roose/default/assets/images/red-logo.png]
[templates.envytheme.com/roose/default/my-account.html]
[templates.envytheme.com/roose/default/assets/images/cart/cart-1.jpg]
[templates.envytheme.com/roose/default/assets/images/cart/cart-2.jpg]
[templates.envytheme.com/roose/default/assets/images/cart/cart-3.jpg]
[templates.envytheme.com/roose/default/assets/images/cart/cart-4.jpg]
[templates.envytheme.com/roose/default/assets/images/cart/cart-5.jpg]
[templates.envytheme.com/roose/default/cart.html]
[templates.envytheme.com/roose/default/assets/images/banner/banner-img.jpg]
[templates.envytheme.com/roose/default/assets/images/about-img-1.jpg]
[templates.envytheme.com/roose/default/assets/images/about-img-2.jpg]
[templates.envytheme.com/roose/default/assets/images/project/project-1.jpg]
[templates.envytheme.com/roose/default/assets/images/project/project-4.jpg]
[templates.envytheme.com/roose/default/assets/images/project/project-2.jpg]
[templates.envytheme.com/roose/default/assets/images/project/project-5.jpg]
[templates.envytheme.com/roose/default/assets/images/project/project-3.jpg]
[templates.envytheme.com/roose/default/assets/images/project/project-6.jpg]
[templates.envytheme.com/roose/default/assets/images/testimonials-img.jpg]
[templates.envytheme.com/roose/default/index.html]
[templates.envytheme.com/roose/default/assets/images/about-img-3.jpg]
[templates.envytheme.com/roose/default/assets/images/product/product-1.jpg]
[templates.envytheme.com/roose/default/assets/images/product/product-2.jpg]
[templates.envytheme.com/roose/default/assets/images/product/product-3.jpg]
[templates.envytheme.com/roose/default/assets/images/product/product-4.jpg]
[templates.envytheme.com/roose/default/assets/images/product/product-5.jpg]
[templates.envytheme.com/roose/default/assets/images/product/product-6.jpg]
[templates.envytheme.com/roose/default/assets/images/product/product-7.jpg]
[templates.envytheme.com/roose/default/assets/images/product/product-8.jpg]
[templates.envytheme.com/roose/default/index-2.html]
[templates.envytheme.com/roose/default/about.html]
[templates.envytheme.com/roose/default/projects.html]
[templates.envytheme.com/roose/default/assets/images/projects-details/services-details-1.jpg]
[templates.envytheme.com/roose/default/assets/images/before-after/before-img-2.jpg]
[templates.envytheme.com/roose/default/assets/images/before-after/after-img-2.jpg]
[templates.envytheme.com/roose/default/projects-details.html]
[templates.envytheme.com/roose/default/assets/images/team/team-5.jpg]
[templates.envytheme.com/roose/default/assets/images/team/team-6.jpg]
[templates.envytheme.com/roose/default/assets/images/team/team-7.jpg]
[templates.envytheme.com/roose/default/assets/images/team/team-8.jpg]
[templates.envytheme.com/roose/default/team.html]
[templates.envytheme.com/roose/default/testimonial.html]
[templates.envytheme.com/roose/default/faq.html]
[templates.envytheme.com/roose/default/log-in.html]
[templates.envytheme.com/roose/default/register.html]
[templates.envytheme.com/roose/default/get-free-quote.html]
[templates.envytheme.com/roose/default/assets/images/partner-details-img.jpg]
[templates.envytheme.com/roose/default/partner-details.html]
[templates.envytheme.com/roose/default/privacy-policy.html]
[templates.envytheme.com/roose/default/terms-conditions.html]
[templates.envytheme.com/roose/default/coming-soon.html]
[templates.envytheme.com/roose/default/404.html]
[templates.envytheme.com/roose/default/assets/images/services/services-7.jpg]
[templates.envytheme.com/roose/default/assets/images/services/services-8.jpg]
[templates.envytheme.com/roose/default/assets/images/services/services-9.jpg]
[templates.envytheme.com/roose/default/services.html]
[templates.envytheme.com/roose/default/assets/images/services-details/services-details-1.jpg]
[templates.envytheme.com/roose/default/services-details.html]
[templates.envytheme.com/roose/default/products.html]
[templates.envytheme.com/roose/default/checkout.html]
[templates.envytheme.com/roose/default/assets/images/product-details/product-details.jpg]
[templates.envytheme.com/roose/default/product-details.html]
[templates.envytheme.com/roose/default/assets/images/recent-blog/recent-blog-1.jpg]
[templates.envytheme.com/roose/default/assets/images/recent-blog/recent-blog-2.jpg]
[templates.envytheme.com/roose/default/assets/images/recent-blog/recent-blog-3.jpg]
[templates.envytheme.com/roose/default/blog.html]
[templates.envytheme.com/roose/default/assets/images/blog/blog-4.jpg]
[templates.envytheme.com/roose/default/assets/images/blog/blog-5.jpg]
[templates.envytheme.com/roose/default/assets/images/blog/blog-6.jpg]
[templates.envytheme.com/roose/default/blog-grid.html]
[templates.envytheme.com/roose/default/blog-left-sidebar.html]
[templates.envytheme.com/roose/default/assets/images/blog-details/blog-details-1.jpg]
[templates.envytheme.com/roose/default/assets/images/blog-details/comment-1.jpg]
[templates.envytheme.com/roose/default/assets/images/blog-details/comment-2.jpg]
[templates.envytheme.com/roose/default/assets/images/blog-details/comment-3.jpg]
[templates.envytheme.com/roose/default/blog-details.html]
[templates.envytheme.com/roose/default/contact.html]
[templates.envytheme.com/roose/default/author.html]
[templates.envytheme.com/roose/default/assets/css/owl.video.play.html]
[templates.envytheme.com/roose/default/assets/fonts/remixicondf6d.html]
[templates.envytheme.com/roose/default/assets/fonts/Flaticon.svg]
